[debug] [2026-05-11T07:15:13.541Z] ----------------------------------------------------------------------
[debug] [2026-05-11T07:15:13.542Z] Command:       /usr/bin/node /usr/local/bin/firebase init hosting
[debug] [2026-05-11T07:15:13.543Z] CLI Version:   15.17.0
[debug] [2026-05-11T07:15:13.543Z] Platform:      linux
[debug] [2026-05-11T07:15:13.543Z] Node Version:  v20.20.2
[debug] [2026-05-11T07:15:13.543Z] Time:          Mon May 11 2026 07:15:13 GMT+0000 (Coordinated Universal Time)
[debug] [2026-05-11T07:15:13.543Z] ----------------------------------------------------------------------
[debug] 
[info] 
     ######## #### ########  ######## ########     ###     ######  ########
     ##        ##  ##     ## ##       ##     ##  ##   ##  ##       ##
     ######    ##  ########  ######   ########  #########  ######  ######
     ##        ##  ##    ##  ##       ##     ## ##     ##       ## ##
     ##       #### ##     ## ######## ########  ##     ##  ######  ########

You're about to initialize a Firebase project in this directory:

  /home/mallikarjun/bescom-apps/bescom-lc/frontend

Before we get started, keep in mind:

  * You are currently outside your home directory

[info] 
=== Project Setup
[info] 
[info] First, let's associate this project directory with a Firebase project.
[info] You can create multiple project aliases by running firebase use --add, 
[info] 
[debug] [2026-05-11T07:15:16.652Z] > command requires scopes: ["email","openid","https://www.googleapis.com/auth/cloudplatformprojects.readonly","https://www.googleapis.com/auth/firebase","https://www.googleapis.com/auth/cloud-platform"]
[debug] [2026-05-11T07:15:16.653Z] > authorizing via signed-in user (cmmallikarjunagouda7@gmail.com)
[debug] [2026-05-11T07:15:16.653Z] Checked if tokens are valid: true, expires at: 1778484838048
[debug] [2026-05-11T07:15:16.653Z] Checked if tokens are valid: true, expires at: 1778484838048
[debug] [2026-05-11T07:15:16.654Z] >>> [apiv2][query] GET https://firebase.googleapis.com/v1beta1/projects pageSize=100
[debug] [2026-05-11T07:15:17.206Z] <<< [apiv2][status] GET https://firebase.googleapis.com/v1beta1/projects 200
[debug] [2026-05-11T07:15:17.207Z] <<< [apiv2][body] GET https://firebase.googleapis.com/v1beta1/projects [omitted]
[info] 
=== Hosting Setup
[debug] [2026-05-11T07:15:27.679Z] Checked if tokens are valid: true, expires at: 1778484838048
[debug] [2026-05-11T07:15:27.680Z] Checked if tokens are valid: true, expires at: 1778484838048
[debug] [2026-05-11T07:15:27.680Z] >>> [apiv2][query] GET https://firebase.googleapis.com/v1beta1/projects/project-036986f6-aa49-49f8-aec [none]
[debug] [2026-05-11T07:15:28.836Z] <<< [apiv2][status] GET https://firebase.googleapis.com/v1beta1/projects/project-036986f6-aa49-49f8-aec 200
[debug] [2026-05-11T07:15:28.837Z] <<< [apiv2][body] GET https://firebase.googleapis.com/v1beta1/projects/project-036986f6-aa49-49f8-aec {"projectId":"project-036986f6-aa49-49f8-aec","projectNumber":"482607660564","displayName":"My First Project","name":"projects/project-036986f6-aa49-49f8-aec","resources":{"hostingSite":"project-036986f6-aa49-49f8-aec"},"state":"ACTIVE","etag":"1_f14a9ddc-979d-4488-a88c-97c23b6c2a38"}
[info] 
[info] Your public directory is the folder (relative to your project directory) that
[info] will contain Hosting assets to be uploaded with firebase deploy. If you
[info] have a build process for your assets, use your build's output directory.
[info] 
[info] 
[info] i  Didn't detect a .git folder. Assuming /home/mallikarjun/bescom-apps/bescom-lc/frontend is the project root. 
[info] i  Authorizing with GitHub to upload your service account to a GitHub repository's secrets store. 
[info] 
[info] Visit this URL on this device to log in:
[info] https://github.com/login/oauth/authorize?client_id=89cf50f02ac6aaed3484&state=688116387&redirect_uri=http%3A%2F%2Flocalhost%3A9005&scope=read%3Auser%20repo%20public_repo
[info] 
[info] Waiting for authentication...
[debug] [2026-05-11T07:17:19.886Z] >>> [apiv2][query] POST https://github.com/login/oauth/access_token [none]
[debug] [2026-05-11T07:17:19.886Z] >>> [apiv2][body] POST https://github.com/login/oauth/access_token [stream]
[debug] [2026-05-11T07:17:20.412Z] <<< [apiv2][status] POST https://github.com/login/oauth/access_token 200
[debug] [2026-05-11T07:17:20.412Z] <<< [apiv2][body] POST https://github.com/login/oauth/access_token {"access_token":"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","token_type":"bearer","scope":"read:user,repo"}
[debug] [2026-05-11T07:17:20.415Z] >>> [apiv2][query] GET https://api.github.com/user [none]
[debug] [2026-05-11T07:17:20.849Z] <<< [apiv2][status] GET https://api.github.com/user 200
[debug] [2026-05-11T07:17:20.849Z] <<< [apiv2][body] GET https://api.github.com/user {"login":"MallikarjunagoudaCM","id":64705254,"node_id":"MDQ6VXNlcjY0NzA1MjU0","avatar_url":"https://avatars.githubusercontent.com/u/64705254?v=4","gravatar_id":"","url":"https://api.github.com/users/MallikarjunagoudaCM","html_url":"https://github.com/MallikarjunagoudaCM","followers_url":"https://api.github.com/users/MallikarjunagoudaCM/followers","following_url":"https://api.github.com/users/MallikarjunagoudaCM/following{/other_user}","gists_url":"https://api.github.com/users/MallikarjunagoudaCM/gists{/gist_id}","starred_url":"https://api.github.com/users/MallikarjunagoudaCM/starred{/owner}{/repo}","subscriptions_url":"https://api.github.com/users/MallikarjunagoudaCM/subscriptions","organizations_url":"https://api.github.com/users/MallikarjunagoudaCM/orgs","repos_url":"https://api.github.com/users/MallikarjunagoudaCM/repos","events_url":"https://api.github.com/users/MallikarjunagoudaCM/events{/privacy}","received_events_url":"https://api.github.com/users/MallikarjunagoudaCM/received_events","type":"User","user_view_type":"private","site_admin":false,"name":null,"company":null,"blog":"","location":null,"email":null,"hireable":null,"bio":null,"twitter_username":null,"notification_email":null,"public_repos":24,"public_gists":0,"followers":0,"following":0,"created_at":"2020-05-02T18:44:07Z","updated_at":"2026-05-02T06:57:03Z","private_gists":0,"total_private_repos":2,"owned_private_repos":2,"disk_usage":5581,"collaborators":0,"two_factor_authentication":false,"plan":{"name":"free","space":976562499,"collaborators":0,"private_repos":10000}}
[info] 
[info] ✔  Success! Logged into GitHub as MallikarjunagoudaCM 
[info] 
